Building source distribution...
Building wheel from source distribution...
Successfully built /tmp/bvmcp-score-release-a.3l1KOu/blender_vision_mcp-0.1.0.tar.gz
Successfully built /tmp/bvmcp-score-release-a.3l1KOu/blender_vision_mcp-0.1.0-py3-none-any.whl
verified blender_vision_mcp-0.1.0-py3-none-any.whl: 234 files
{
  "tree": {
    "forbidden_distributable_files": [],
    "missing_paths": [],
    "missing_worker_operations": [],
    "model_policy_failures": [],
    "model_registry_count": 7,
    "valid": true,
    "worker_operation_count": 25
  },
  "valid": true,
  "wheel": {
    "forbidden": [],
    "member_count": 234,
    "missing": [],
    "path": "/private/tmp/bvmcp-score-release-a.3l1KOu/blender_vision_mcp-0.1.0-py3-none-any.whl",
    "valid": true
  }
}
Building source distribution...
Building wheel from source distribution...
Successfully built /tmp/bvmcp-score-release-b.8a0kVd/blender_vision_mcp-0.1.0.tar.gz
Successfully built /tmp/bvmcp-score-release-b.8a0kVd/blender_vision_mcp-0.1.0-py3-none-any.whl
7941dc298722149f2db484a125cc9621eeace4d9434c217c844d8aeafa0c5ef7  /tmp/bvmcp-score-release-a.3l1KOu/blender_vision_mcp-0.1.0-py3-none-any.whl
9c32031d04b481b39ee7b88f4b199f76a100bc6f3b6eb4e050b7d74ab2f7a17c  /tmp/bvmcp-score-release-a.3l1KOu/blender_vision_mcp-0.1.0.tar.gz
7941dc298722149f2db484a125cc9621eeace4d9434c217c844d8aeafa0c5ef7  /tmp/bvmcp-score-release-b.8a0kVd/blender_vision_mcp-0.1.0-py3-none-any.whl
9c32031d04b481b39ee7b88f4b199f76a100bc6f3b6eb4e050b7d74ab2f7a17c  /tmp/bvmcp-score-release-b.8a0kVd/blender_vision_mcp-0.1.0.tar.gz
release_a=/tmp/bvmcp-score-release-a.3l1KOu
release_b=/tmp/bvmcp-score-release-b.8a0kVd
