All checks passed!
..........                                                               [100%]
10 passed in 1.83s
{
  "baseline_assessment": "Database, APIs, jobs and business rules not yet compiled",
  "baseline_grade": "F",
  "baseline_score": 38,
  "current_score": 38,
  "domain": "app",
  "evidence": [],
  "id": "app.backend_generation",
  "known_blockers": [
    "Database, APIs, jobs and business rules not yet compiled"
  ],
  "name": "Backend generation",
  "reproduction_commands": [],
  "required_external_or_holdout_tests": [
    "heldout.app.backend_generation"
  ],
  "required_metrics": {
    "acceptance_gate_pass_rate": {
      "op": "==",
      "value": 1.0
    },
    "p0_defects": {
      "op": "==",
      "value": 0
    },
    "p1_defects": {
      "op": "==",
      "value": 0
    }
  },
  "required_real_runtimes": [
    "chromium",
    "container",
    "database",
    "node"
  ],
  "required_receipts": [
    "app.backend_generation.acceptance_receipt"
  ],
  "required_reference_class": [
    "complete_application_reference_packet",
    "owned_or_authorized_visual_reference"
  ],
  "status": "PROVEN_BELOW_100"
}
{
  "errors": [],
  "facet_count": 139,
  "facets_at_100_plus": 0,
  "facets_below_100": 139,
  "path": "/private/tmp/bvmcp-scoring-checkpoint-report.json",
  "report_sha256": "195b6033342404de02d89a06b3099204926052993f24cafb3072ea355a36f031",
  "valid": true
}
