
> nocturne-one@1.0.0 verify
> npm run typecheck && npm run build && npm run test:unit && npm run test:api && npm run test:3d && npm run test:browser


> nocturne-one@1.0.0 typecheck
> tsc --noEmit


> nocturne-one@1.0.0 build
> vite build

vite v6.3.5 building for production...
transforming...
✓ 10 modules transformed.
rendering chunks...
computing gzip size...
dist/index.html                   0.57 kB │ gzip:   0.35 kB
dist/assets/style-DR42oFtu.css   13.00 kB │ gzip:   3.60 kB
dist/assets/app-C7dgsRoq.js      23.14 kB │ gzip:   7.60 kB
dist/assets/scene-DpADeD2B.js   573.48 kB │ gzip: 146.44 kB
✓ built in 743ms

> nocturne-one@1.0.0 test:unit
> node --import tsx --test tests/unit.test.ts

TAP version 13
# Subtest: configuration validation accepts the governed boundary values
ok 1 - configuration validation accepts the governed boundary values
  ---
  duration_ms: 0.7585
  ...
# Subtest: configuration validation rejects out-of-contract state
ok 2 - configuration validation rejects out-of-contract state
  ---
  duration_ms: 0.088625
  ...
# Subtest: request hashing is deterministic and payload-sensitive
ok 3 - request hashing is deterministic and payload-sensitive
  ---
  duration_ms: 0.24875
  ...
# Subtest: email validation handles valid and invalid values
ok 4 - email validation handles valid and invalid values
  ---
  duration_ms: 0.136709
  ...
1..4
# tests 4
# suites 0
# pass 4
# fail 0
# cancelled 0
# skipped 0
# todo 0
# duration_ms 139.020041

> nocturne-one@1.0.0 test:api
> node --import tsx --test tests/api.test.ts

TAP version 13
# Subtest: reservation API enforces authorization, validation, idempotency, and actor scope
ok 1 - reservation API enforces authorization, validation, idempotency, and actor scope
  ---
  duration_ms: 62.379834
  ...
# Subtest: configuration API persists authenticated state idempotently
ok 2 - configuration API persists authenticated state idempotently
  ---
  duration_ms: 10.744959
  ...
1..2
# tests 2
# suites 0
# pass 2
# fail 0
# cancelled 0
# skipped 0
# todo 0
# duration_ms 286.649958

> nocturne-one@1.0.0 test:3d
> node scripts/verify-3d.mjs

{"passed":true,"blend":{"required_parts":12,"primary_dimensions_mm":[320,180,360],"animated_parts":8,"mesh_issues":{}},"glbs":[{"identity":"hero","bytes":393040,"required_nodes":12,"valid":true},{"identity":"low","bytes":201484,"required_nodes":12,"valid":true}]}

> nocturne-one@1.0.0 test:browser
> tsx tests/browser.test.ts

{"passed":true,"routes":5,"renderer":"3d_ready","accessibility_findings":0,"visual_screenshot_bytes":591650,"desktop_frames":{"medianFps":3333.3332008785724,"p95Ms":0.5},"mobile_frames":{"medianFps":2499.999776482602,"p95Ms":0.800000011920929},"memory_duration_seconds":0,"memory_growth_bytes":0,"memory_sample_count":0,"no_webgl":"3d_unavailable","reduced_motion":true,"reservation":"confirmed"}
