{
  "capabilities": [
    {
      "available": true,
      "name": "blender",
      "path": "/Applications/Blender.app/Contents/MacOS/Blender",
      "version": "Blender 4.2.1 LTS"
    },
    {
      "available": true,
      "name": "colmap",
      "path": "/opt/homebrew/bin/colmap",
      "version": "COLMAP 4.0.4 -- Structure-from-Motion and Multi-View Stereo"
    },
    {
      "available": true,
      "name": "ffmpeg",
      "path": "/opt/homebrew/bin/ffmpeg",
      "version": "ffmpeg version 8.1.1 Copyright (c) 2000-2026 the FFmpeg developers"
    },
    {
      "available": true,
      "name": "ffprobe",
      "path": "/opt/homebrew/bin/ffprobe",
      "version": "ffprobe version 8.1.1 Copyright (c) 2007-2026 the FFmpeg developers"
    },
    {
      "available": true,
      "name": "pdftoppm",
      "path": "/opt/homebrew/bin/pdftoppm",
      "version": "pdftoppm version 26.04.0"
    },
    {
      "available": true,
      "name": "git-lfs",
      "path": "/opt/homebrew/bin/git-lfs",
      "version": "git-lfs/3.7.1 (GitHub; darwin arm64; go 1.25.3)"
    }
  ],
  "ok": true,
  "platform": "macOS-27.0-arm64-arm-64bit",
  "projects_root": "/Users/scammermike/Library/Application Support/blender-vision/projects",
  "python": "3.12.13",
  "safe_mode": true
}
{
  "backends": [
    {
      "commercial_use": true,
      "download_source": null,
      "hardware": [
        "cpu"
      ],
      "input_limits": {
        "media": [
          "image/*"
        ],
        "requires_35mm_equivalent_for_focal": true
      },
      "license": "Apache-2.0",
      "name": "exif",
      "outputs": [
        "approximate_intrinsics",
        "approximate_extrinsics",
        "diagnostics"
      ],
      "precision": [
        "float64"
      ],
      "quality_tier": "initialization-only",
      "redistribution": "included",
      "revision": "builtin",
      "state": "AVAILABLE",
      "version": "1",
      "vram_gb": null,
      "weight_hash": null
    },
    {
      "commercial_use": true,
      "download_source": null,
      "hardware": [
        "cpu"
      ],
      "input_limits": {
        "minimum_images": 1
      },
      "license": "Apache-2.0",
      "name": "heuristic-pinhole",
      "outputs": [
        "camera_intrinsics",
        "camera_extrinsics",
        "diagnostics"
      ],
      "precision": [
        "float64"
      ],
      "quality_tier": "initialization-only",
      "redistribution": "included",
      "revision": "builtin",
      "state": "AVAILABLE",
      "version": "1",
      "vram_gb": null,
      "weight_hash": null
    },
    {
      "commercial_use": true,
      "download_source": "https://github.com/colmap/colmap",
      "hardware": [
        "cpu",
        "cuda"
      ],
      "input_limits": {
        "formats": [
          "JPEG",
          "PNG",
          "TIFF"
        ],
        "minimum_images": 2
      },
      "license": "BSD-3-Clause",
      "name": "colmap",
      "outputs": [
        "camera_intrinsics",
        "camera_extrinsics",
        "correspondences",
        "sparse_points"
      ],
      "precision": [
        "float64",
        "float32"
      ],
      "quality_tier": "feature-based",
      "redistribution": "external executable",
      "revision": "system",
      "state": "AVAILABLE",
      "version": "COLMAP 4.0.4 -- Structure-from-Motion and Multi-View Stereo",
      "vram_gb": null,
      "weight_hash": null
    },
    {
      "commercial_use": true,
      "download_source": null,
      "hardware": [
        "cpu"
      ],
      "input_limits": {
        "minimum_images": 1
      },
      "license": "Apache-2.0",
      "name": "turntable_fallback",
      "outputs": [
        "approximate_intrinsics",
        "approximate_extrinsics",
        "diagnostics"
      ],
      "precision": [
        "float64"
      ],
      "quality_tier": "initialization-only",
      "redistribution": "included",
      "revision": "builtin",
      "state": "AVAILABLE",
      "version": "1",
      "vram_gb": null,
      "weight_hash": null
    },
    {
      "commercial_use": true,
      "download_source": null,
      "hardware": [
        "cpu"
      ],
      "input_limits": {
        "distorted_references": false,
        "maximum_grid_resolution": 128,
        "minimum_reviewed_full_object_masks": 2,
        "requires_complete_immutable_cameras": true
      },
      "license": "Apache-2.0",
      "name": "visual_hull",
      "outputs": [
        "voxel_occupancy",
        "silhouette_volume",
        "editable_ply_mesh",
        "governance_report"
      ],
      "precision": [
        "float64"
      ],
      "quality_tier": "coarse-observed-topology",
      "redistribution": "included",
      "revision": "builtin",
      "state": "AVAILABLE",
      "version": "1",
      "vram_gb": null,
      "weight_hash": null
    },
    {
      "commercial_use": true,
      "download_source": "https://github.com/facebookresearch/vggt",
      "hardware": [
        "cuda",
        "mps"
      ],
      "input_limits": {
        "checkpoint": "operator-approved",
        "maximum_images": "hardware"
      },
      "license": "VGGT-1B-Commercial upstream license; military use excluded",
      "name": "vggt-commercial",
      "outputs": [
        "cameras",
        "depth",
        "point_map",
        "confidence"
      ],
      "precision": [
        "bfloat16",
        "float32"
      ],
      "quality_tier": "geometry-foundation",
      "redistribution": "application required; no bundled weights or silent download",
      "revision": "unconfigured",
      "state": "DOWNLOAD_REQUIRED",
      "version": "unconfigured",
      "vram_gb": null,
      "weight_hash": null
    },
    {
      "commercial_use": false,
      "download_source": "https://github.com/facebookresearch/vggt",
      "hardware": [
        "cuda",
        "mps"
      ],
      "input_limits": {
        "checkpoint": "operator-approved",
        "maximum_images": "hardware"
      },
      "license": "non-commercial upstream checkpoint terms",
      "name": "vggt-original-research",
      "outputs": [
        "cameras",
        "depth",
        "point_map",
        "confidence"
      ],
      "precision": [
        "bfloat16",
        "float32"
      ],
      "quality_tier": "geometry-foundation-research-only",
      "redistribution": "no bundled weights or silent download",
      "revision": "unconfigured",
      "state": "RESEARCH_ONLY",
      "version": "unconfigured",
      "vram_gb": null,
      "weight_hash": null
    }
  ]
}
