b189adcd81a5835a6aec916bda342b63a4d2e400b9af8ee821f141f6ee94dacc  schemas/backend.schema.json
39edc1d767d26046b05267ef20cfc06abfb8e9ae279ac2ccd0071abebd9bbb96  schemas/blender-job.schema.json
cbe5a2ffe89af43c832b1e916005b952bde97ee55cb5674f123d4b55b562f106  schemas/camera-refinement.schema.json
606210a7d89b2177929e92619a1274fa6becb76f94b5a3b172e292c2304c764a  schemas/camera-sequence-graph.schema.json
4328e667fc1a32d5231e401a00f2ab4ef983bebb7255803423e01143c1bcb9a0  schemas/code-graph.schema.json
f4b816ed54ef2d77f0390e01d0e7f78e9700a5b1bca461da2b1fdcd84ed6d380  schemas/component-fit.schema.json
1afd58f4502fe46755dc5eaf030a404deea1833932a197a32aed3ec53c4cc69b  schemas/component.schema.json
8993b00e09c0fde7dff9e3666f5236c08cf40eb8016e9449970eee45a961d4e6  schemas/design-drift.schema.json
5a9dd057dc868290c239785fe48d8f381d7b6ab17688d1d3b4465befd0f49860  schemas/design-system-graph.schema.json
3b3eb9c31c8a7c6085684360af7ae8c1b2063733c311e804d8a1bc341a0a1983  schemas/desktop-experience-graph.schema.json
3fef3afca976f64bb10cda44e5d34cfcf28838da869c6bb0617e00939406b7a9  schemas/experience-ir.schema.json
6f1c63d7ebb65ca1e531c305d5fa8ad248bc7de75ccdaf866766284bb3d4e207  schemas/feature-capsule.schema.json
79c027c243281c55fff3e0216012961cb10262fef8eaa3e89cdcfc278651aa25  schemas/feature.schema.json
3df2193b676aa79b9f98c29440df74eb1be3ae5ad18921d3070d7669072840cb  schemas/frontend-comparison.schema.json
ace72a6bae8ef6ea19b57a7f708b1e75a581cbf1076f6271a2c8530f248a114d  schemas/geometry-evidence.schema.json
ab1a72de1a14610e76337dde0d8c5c3a3e315d491452f9c761e736c7459adc3c  schemas/graphics-frame-graph.schema.json
8c7ea5efc8aea8ca9c2931ab43bf8d9655d2fe8d684a6b285b366dea1cb3f20d  schemas/graphics-roundtrip.schema.json
07d10a96e294826c8ba8f7cd542b6625b53c2b952e0cd3c8f4dad4db020494d1  schemas/image-graph.schema.json
73a2e79a0830d0c1ac509632f31a0a45f84ceeba0c8c2c9b810610d411dab4fc  schemas/interaction-graph.schema.json
7725c3eb7f148d7be7831e75996a2e4d69699599dddc60788754a221b7ff760c  schemas/job-manifest.schema.json
1939aaa343a9bf7d6a8b12057d22cfe47838581617dbc2c95b0f0389fd23234e  schemas/layout-graph.schema.json
1dc2ff09a96c887602ade1e92688ab90bf6ceb279421c0b3f6af05fbc5b991d9  schemas/material-profile.schema.json
a7935c2db039b60d88e9286199476f495b07141e1426f606cd14d2d187f9faf7  schemas/measurement-grid.schema.json
56c81e73faba063d82ceeeaab4305202b6b0b4ebcacd5f7f92cfca98ca7a372e  schemas/measurement.schema.json
61f44a5a2822a46baff7c68408010b0dfe25ecff165da2b0a2ed0efc4d706fb9  schemas/model-approval.schema.json
fd9a3f8ee30941e87c6822d47ca0be378d4a3a2c26383d63ebc829d1f96e3dee  schemas/motion-graph.schema.json
4fea264cbdfb42faf91274bf1c4964f94c24e89d1471bde86da609a620c1c91b  schemas/observation-envelope.schema.json
bfe42488cd3c6182b0e95279a892c785f8a10e3749fc2402289fc6ac06f553d6  schemas/project.schema.json
4c3d2ec29c2c2feb642327fb9d8917bc02ade0d9a4599469f5c12952f463254c  schemas/receipt.schema.json
5858b7e1051fd2d4cdb4791bbef6a35245846fb7d35d8ca17cd73a9596594e1c  schemas/reference-mask.schema.json
c1d8595331ec05baa517948aafe35e9d9881c87b4995480265c4b687de6de628  schemas/repair-proposal.schema.json
558abe2dd641619213ecd71a958ae072d62c73836149a64aa578f44e6f60b3df  schemas/responsive-graph.schema.json
90891bed68534081d30664421aaef78f7c816f894600936970c4f46a2dc3bb38  schemas/state-graph.schema.json
441949d1f06df7e54afb8d3b488e454e91ee70dff92b8e236e2ad8048c81a6de  schemas/video-narrative-graph.schema.json
ca08b8910189473c04509794cb10355b480aca9519cc7548012b427f4d4196f5  schemas/worker-capability.schema.json
eaa2b1bc4f8ab0e5694d67dac4aee19ee570ccb0806cd01a4eb7b068b1a7e87b  schemas/worker-lease.schema.json
b54f65df7674f704ea40a41a59dd5bbd2fb543577009505741199f8029172701  src/blender_vision/artifacts/__init__.py
283da1a0128823b23d9fa14253131fa24556b4c6cf01f5f78f805900a51f437a  src/blender_vision/artifacts/__pycache__/__init__.cpython-312.pyc
0da61e89ce56a0b67aa8d809093963ed1265018f85669453a968646532437c16  src/blender_vision/artifacts/__pycache__/store.cpython-312.pyc
d9a9e410df16f79ee01242695ede00d4a46b9c15952f99ae5b5ef5bc7d173eac  src/blender_vision/artifacts/__pycache__/transfer.cpython-312.pyc
b1f112a898910aa15e146565e39003d729eedcb3d6eadde1c6f0a125dbb85a3b  src/blender_vision/artifacts/store.py
435ca5c47ac1be9bdfb2a2d77c8c1b6dc52e493658e7ceb9562c2a84f907ef3d  src/blender_vision/artifacts/transfer.py
