temp_dir=/tmp/bvmcp-sdist-compare.23Nsgu
4354c249d7c25d9bc103abb5f274865e1300ed3491259b4518eb5589695a9354  /tmp/bvmcp-sdist-compare.23Nsgu/run1.tar
29d02cf6776a362a2a35a020e1d34511c85456232f8c3c0155cfa4d2462731dd  /tmp/bvmcp-sdist-compare.23Nsgu/run2.tar
251905 142  56
251906 154  57
251907 145  56
251908 156  57
251909 144 100
251910 145 120
251911 162 141
251912 137 170
251913 166 110
251914 151 145
251915 163 141
251916 151 144
251917 157 145
251918 156 162
251919 137   0
251920 155   0
251921 143   0
251922 160   0
251923  55   0
251924  60   0
251925  56   0
251926  61   0
251927  56   0
251928  60   0
251929  57   0
251930 141   0
251931 162   0
251932 164   0
251933 151   0
251934 146   0
251935 141   0
251936 143   0
251937 164   0
251938 163   0
251939  57   0
251940  61   0
251941  60   0
251942  60   0
251943  55   0
251944 160   0
--- /tmp/bvmcp-sdist-compare.23Nsgu/list1.txt	2026-07-25 19:55:30
+++ /tmp/bvmcp-sdist-compare.23Nsgu/list2.txt	2026-07-25 19:55:30
@@ -4,12 +4,16 @@
 -rw-r--r--  0 0      0      241228 Feb  1  2020 blender_vision_mcp-0.1.0/uv.lock
 -rw-r--r--  0 0      0         654 Feb  1  2020 blender_vision_mcp-0.1.0/.github/workflows/ci.yml
 -rw-r--r--  0 0      0           1 Feb  1  2020 blender_vision_mcp-0.1.0/artifacts/100-plus/baseline/builds/run1/.gitignore
+-rw-r--r--  0 0      0      739050 Feb  1  2020 blender_vision_mcp-0.1.0/artifacts/100-plus/baseline/builds/run1/blender_vision_mcp-0.1.0-py3-none-any.whl
+-rw-r--r--  0 0      0      852392 Feb  1  2020 blender_vision_mcp-0.1.0/artifacts/100-plus/baseline/builds/run1/blender_vision_mcp-0.1.0.tar.gz
+-rw-r--r--  0 0      0           1 Feb  1  2020 blender_vision_mcp-0.1.0/artifacts/100-plus/baseline/builds/run2/.gitignore
 -rw-r--r--  0 0      0        1482 Feb  1  2020 blender_vision_mcp-0.1.0/artifacts/100-plus/baseline/raw/environment.log
 -rw-r--r--  0 0      0         497 Feb  1  2020 blender_vision_mcp-0.1.0/artifacts/100-plus/baseline/raw/external-fixture-mount.log
 -rw-r--r--  0 0      0        7595 Feb  1  2020 blender_vision_mcp-0.1.0/artifacts/100-plus/baseline/raw/pytest-fast.log
 -rw-r--r--  0 0      0        1727 Feb  1  2020 blender_vision_mcp-0.1.0/artifacts/100-plus/baseline/raw/pytest-real-browser-blender-with-fixture.log
 -rw-r--r--  0 0      0        2975 Feb  1  2020 blender_vision_mcp-0.1.0/artifacts/100-plus/baseline/raw/pytest-real-browser-blender.log
--rw-r--r--  0 0      0          51 Feb  1  2020 blender_vision_mcp-0.1.0/artifacts/100-plus/baseline/raw/release-gates-run1.log
+-rw-r--r--  0 0      0         912 Feb  1  2020 blender_vision_mcp-0.1.0/artifacts/100-plus/baseline/raw/release-gates-run1.log
+-rw-r--r--  0 0      0          32 Feb  1  2020 blender_vision_mcp-0.1.0/artifacts/100-plus/baseline/raw/reproducible-build-run2.log
 -rw-r--r--  0 0      0        1556 Feb  1  2020 blender_vision_mcp-0.1.0/artifacts/100-plus/baseline/raw/uv-sync.log
 -rw-r--r--  0 0      0        1574 Feb  1  2020 blender_vision_mcp-0.1.0/benchmarks/calibration/README.md
 -rw-r--r--  0 0      0        1124 Feb  1  2020 blender_vision_mcp-0.1.0/benchmarks/calibration/benchmark.json
