01:05:57 | INFO: Data are loaded, start creating Blender stuff
01:05:57 | INFO: Blender create Mesh node base_LOD0
01:05:57 | INFO: Blender create Mesh node outer_shell_LOD0
01:05:57 | INFO: Blender create Mesh node glass_core_LOD0
01:05:57 | INFO: Blender create Mesh node eclipse_disk_LOD0
01:05:57 | INFO: Blender create Mesh node acoustic_membrane_LOD0
01:05:57 | INFO: Blender create Mesh node thermal_grille_LOD0
01:05:57 | INFO: Blender create Mesh node rotary_control_LOD0
01:05:57 | INFO: Blender create Mesh node braided_cable_LOD0
01:05:57 | INFO: Blender create Mesh node internal_frame_LOD0
01:05:57 | INFO: Blender create Mesh node logic_board_LOD0
01:05:57 | INFO: Blender create Mesh node left_driver_LOD0
01:05:57 | INFO: Blender create Mesh node right_driver_LOD0
01:05:57 | INFO: glTF import finished in 0.02s
01:05:57 | INFO: Data are loaded, start creating Blender stuff
01:05:57 | INFO: Blender create Mesh node base_LOD0
01:05:57 | INFO: Blender create Mesh node outer_shell_LOD0
01:05:57 | INFO: Blender create Mesh node glass_core_LOD0
01:05:57 | INFO: Blender create Mesh node eclipse_disk_LOD0
01:05:57 | INFO: Blender create Mesh node acoustic_membrane_LOD0
01:05:57 | INFO: Blender create Mesh node thermal_grille_LOD0
01:05:57 | INFO: Blender create Mesh node rotary_control_LOD0
01:05:57 | INFO: Blender create Mesh node braided_cable_LOD0
01:05:57 | INFO: Blender create Mesh node internal_frame_LOD0
01:05:57 | INFO: Blender create Mesh node logic_board_LOD0
01:05:57 | INFO: Blender create Mesh node left_driver_LOD0
01:05:57 | INFO: Blender create Mesh node right_driver_LOD0
01:05:57 | INFO: glTF import finished in 0.01s
