npm warn deprecated prebuild-install@7.1.3: No longer maintained. Please contact the author of the relevant native addon; alternatives are available.

added 118 packages in 27s

> visionmcp-generated-application@1.0.0 verify
> npm run test


> visionmcp-generated-application@1.0.0 test
> npm run test:contract


> visionmcp-generated-application@1.0.0 test:contract
> npm run build && node --test dist/tests/*.test.js


> visionmcp-generated-application@1.0.0 build
> npm run clean && tsc -p tsconfig.json && esbuild frontend/src/app.ts --bundle --minify --outfile=dist/public/app.js && node scripts/copy-static.mjs


> visionmcp-generated-application@1.0.0 clean
> node scripts/clean.mjs


  dist/public/app.js  1.4kb

⚡ Done in 4ms
TAP version 13
# Subtest: health and repeat migration are valid
ok 1 - health and repeat migration are valid
  ---
  duration_ms: 33.192917
  ...
# Subtest: registered permission endpoints deny unauthenticated and unauthorized actors
ok 2 - registered permission endpoints deny unauthenticated and unauthorized actors
  ---
  duration_ms: 22.876625
  ...
# Subtest: authorized create contract persists a record
ok 3 - authorized create contract persists a record
  ---
  duration_ms: 10.001
  ...
1..3
# tests 3
# suites 0
# pass 3
# fail 0
# cancelled 0
# skipped 0
# todo 0
# duration_ms 362.870208
