........................................................................ [ 19%]
............ss...ss..................................................... [ 39%]
........................................................................ [ 59%]
.......................ss............................................... [ 79%]
......................................................................s. [ 98%]
....                                                                     [100%]
=========================== short test summary info ============================
SKIPPED [1] tests/test_blender_integration.py:30: set BVMCP_RUN_BLENDER_TESTS=1 for real Blender integration
SKIPPED [1] tests/test_blender_integration.py:356: set BVMCP_RUN_BLENDER_TESTS=1 for real Blender integration
SKIPPED [1] tests/test_browser_perception.py:83: set BVMCP_RUN_BROWSER_TESTS=1 to launch the installed Chrome browser
SKIPPED [1] tests/test_calibration_benchmark.py:14: set BVMCP_RUN_BLENDER_TESTS=1 for real Blender calibration
SKIPPED [1] tests/test_graphics_perception.py:115: set BVMCP_RUN_BROWSER_TESTS=1 to launch the installed Chrome browser
SKIPPED [1] tests/test_graphics_perception.py:155: set browser and Blender integration gates for the real graphics round trip
SKIPPED [1] tests/test_web_experience.py:112: set BVMCP_RUN_BROWSER_TESTS=1 to launch the installed Chrome browser
357 passed, 7 skipped in 56.01s
       56.54 real        30.17 user        22.34 sys
           461078528  maximum resident set size
                   0  average shared memory size
                   0  average unshared data size
                   0  average unshared stack size
              795648  page reclaims
                8576  page faults
                   0  swaps
                   0  block input operations
                   0  block output operations
                  33  messages sent
                  28  messages received
                   1  signals received
               68559  voluntary context switches
               62743  involuntary context switches
           157584146  instructions retired
            84516506  cycles elapsed
            13910544  peak memory footprint
