{
  "authority_coverage": {
    "authoritative_findings": 22.0,
    "fraction": 1.0,
    "total_findings": 22.0
  },
  "compilable_as_draft": true,
  "contradictions": [],
  "exact_resumption_contracts": [],
  "findings": [
    {
      "authority_refs": [
        "brief"
      ],
      "exact_resumption_contract": null,
      "id": "product-authority",
      "message": "product is bound to supplied authority.",
      "path": "product.authority_refs",
      "severity": "P2",
      "status": "AUTHORITATIVE"
    },
    {
      "authority_refs": [
        "stories"
      ],
      "exact_resumption_contract": null,
      "id": "journeys-authority",
      "message": "journeys is bound to supplied authority.",
      "path": "journeys.authority_refs",
      "severity": "P2",
      "status": "AUTHORITATIVE"
    },
    {
      "authority_refs": [
        "data"
      ],
      "exact_resumption_contract": null,
      "id": "data_model-authority",
      "message": "data_model is bound to supplied authority.",
      "path": "data_model.authority_refs",
      "severity": "P2",
      "status": "AUTHORITATIVE"
    },
    {
      "authority_refs": [
        "api"
      ],
      "exact_resumption_contract": null,
      "id": "api_contract-authority",
      "message": "api_contract is bound to supplied authority.",
      "path": "api_contract.authority_refs",
      "severity": "P2",
      "status": "AUTHORITATIVE"
    },
    {
      "authority_refs": [
        "auth"
      ],
      "exact_resumption_contract": null,
      "id": "auth_policy-authority",
      "message": "auth_policy is bound to supplied authority.",
      "path": "auth_policy.authority_refs",
      "severity": "P2",
      "status": "AUTHORITATIVE"
    },
    {
      "authority_refs": [
        "rules",
        "errors"
      ],
      "exact_resumption_contract": null,
      "id": "business_rules-authority",
      "message": "business_rules is bound to supplied authority.",
      "path": "business_rules.authority_refs",
      "severity": "P2",
      "status": "AUTHORITATIVE"
    },
    {
      "authority_refs": [
        "deploy"
      ],
      "exact_resumption_contract": null,
      "id": "deployment-authority",
      "message": "deployment is bound to supplied authority.",
      "path": "deployment.authority_refs",
      "severity": "P2",
      "status": "AUTHORITATIVE"
    },
    {
      "authority_refs": [
        "slo"
      ],
      "exact_resumption_contract": null,
      "id": "observability-authority",
      "message": "observability is bound to supplied authority.",
      "path": "observability.authority_refs",
      "severity": "P2",
      "status": "AUTHORITATIVE"
    },
    {
      "authority_refs": [
        "stories",
        "api",
        "rules"
      ],
      "exact_resumption_contract": null,
      "id": "acceptance-authority",
      "message": "acceptance is bound to supplied authority.",
      "path": "acceptance.authority_refs",
      "severity": "P2",
      "status": "AUTHORITATIVE"
    },
    {
      "authority_refs": [
        "brief"
      ],
      "exact_resumption_contract": null,
      "id": "source-brief-digest",
      "message": "Source artifact exists and matches its declared digest.",
      "path": "sources.brief",
      "severity": "P2",
      "status": "AUTHORITATIVE"
    },
    {
      "authority_refs": [
        "stories"
      ],
      "exact_resumption_contract": null,
      "id": "source-stories-digest",
      "message": "Source artifact exists and matches its declared digest.",
      "path": "sources.stories",
      "severity": "P2",
      "status": "AUTHORITATIVE"
    },
    {
      "authority_refs": [
        "data"
      ],
      "exact_resumption_contract": null,
      "id": "source-data-digest",
      "message": "Source artifact exists and matches its declared digest.",
      "path": "sources.data",
      "severity": "P2",
      "status": "AUTHORITATIVE"
    },
    {
      "authority_refs": [
        "api"
      ],
      "exact_resumption_contract": null,
      "id": "source-api-digest",
      "message": "Source artifact exists and matches its declared digest.",
      "path": "sources.api",
      "severity": "P2",
      "status": "AUTHORITATIVE"
    },
    {
      "authority_refs": [
        "auth"
      ],
      "exact_resumption_contract": null,
      "id": "source-auth-digest",
      "message": "Source artifact exists and matches its declared digest.",
      "path": "sources.auth",
      "severity": "P2",
      "status": "AUTHORITATIVE"
    },
    {
      "authority_refs": [
        "rules"
      ],
      "exact_resumption_contract": null,
      "id": "source-rules-digest",
      "message": "Source artifact exists and matches its declared digest.",
      "path": "sources.rules",
      "severity": "P2",
      "status": "AUTHORITATIVE"
    },
    {
      "authority_refs": [
        "errors"
      ],
      "exact_resumption_contract": null,
      "id": "source-errors-digest",
      "message": "Source artifact exists and matches its declared digest.",
      "path": "sources.errors",
      "severity": "P2",
      "status": "AUTHORITATIVE"
    },
    {
      "authority_refs": [
        "deploy"
      ],
      "exact_resumption_contract": null,
      "id": "source-deploy-digest",
      "message": "Source artifact exists and matches its declared digest.",
      "path": "sources.deploy",
      "severity": "P2",
      "status": "AUTHORITATIVE"
    },
    {
      "authority_refs": [
        "slo"
      ],
      "exact_resumption_contract": null,
      "id": "source-slo-digest",
      "message": "Source artifact exists and matches its declared digest.",
      "path": "sources.slo",
      "severity": "P2",
      "status": "AUTHORITATIVE"
    },
    {
      "authority_refs": [
        "performance"
      ],
      "exact_resumption_contract": null,
      "id": "source-performance-digest",
      "message": "Source artifact exists and matches its declared digest.",
      "path": "sources.performance",
      "severity": "P2",
      "status": "AUTHORITATIVE"
    },
    {
      "authority_refs": [
        "accessibility"
      ],
      "exact_resumption_contract": null,
      "id": "source-accessibility-digest",
      "message": "Source artifact exists and matches its declared digest.",
      "path": "sources.accessibility",
      "severity": "P2",
      "status": "AUTHORITATIVE"
    },
    {
      "authority_refs": [
        "visual"
      ],
      "exact_resumption_contract": null,
      "id": "source-visual-digest",
      "message": "Source artifact exists and matches its declared digest.",
      "path": "sources.visual",
      "severity": "P2",
      "status": "AUTHORITATIVE"
    },
    {
      "authority_refs": [
        "samples"
      ],
      "exact_resumption_contract": null,
      "id": "source-samples-digest",
      "message": "Source artifact exists and matches its declared digest.",
      "path": "sources.samples",
      "severity": "P2",
      "status": "AUTHORITATIVE"
    }
  ],
  "hypotheses": [],
  "missing_authority": [],
  "packet_id": "owned-crud-v1",
  "packet_sha256": "52c0a9b6aebc8ead93103297a163159cceb5bc77160517274c798c45cdf86f25",
  "promotable": true,
  "schema_version": "1"
}
{
  "candidate_id": "source-bound",
  "completeness_report": {
    "authority_coverage": {
      "authoritative_findings": 22.0,
      "fraction": 1.0,
      "total_findings": 22.0
    },
    "compilable_as_draft": true,
    "contradictions": [],
    "exact_resumption_contracts": [],
    "findings": [
      {
        "authority_refs": [
          "brief"
        ],
        "exact_resumption_contract": null,
        "id": "product-authority",
        "message": "product is bound to supplied authority.",
        "path": "product.authority_refs",
        "severity": "P2",
        "status": "AUTHORITATIVE"
      },
      {
        "authority_refs": [
          "stories"
        ],
        "exact_resumption_contract": null,
        "id": "journeys-authority",
        "message": "journeys is bound to supplied authority.",
        "path": "journeys.authority_refs",
        "severity": "P2",
        "status": "AUTHORITATIVE"
      },
      {
        "authority_refs": [
          "data"
        ],
        "exact_resumption_contract": null,
        "id": "data_model-authority",
        "message": "data_model is bound to supplied authority.",
        "path": "data_model.authority_refs",
        "severity": "P2",
        "status": "AUTHORITATIVE"
      },
      {
        "authority_refs": [
          "api"
        ],
        "exact_resumption_contract": null,
        "id": "api_contract-authority",
        "message": "api_contract is bound to supplied authority.",
        "path": "api_contract.authority_refs",
        "severity": "P2",
        "status": "AUTHORITATIVE"
      },
      {
        "authority_refs": [
          "auth"
        ],
        "exact_resumption_contract": null,
        "id": "auth_policy-authority",
        "message": "auth_policy is bound to supplied authority.",
        "path": "auth_policy.authority_refs",
        "severity": "P2",
        "status": "AUTHORITATIVE"
      },
      {
        "authority_refs": [
          "rules",
          "errors"
        ],
        "exact_resumption_contract": null,
        "id": "business_rules-authority",
        "message": "business_rules is bound to supplied authority.",
        "path": "business_rules.authority_refs",
        "severity": "P2",
        "status": "AUTHORITATIVE"
      },
      {
        "authority_refs": [
          "deploy"
        ],
        "exact_resumption_contract": null,
        "id": "deployment-authority",
        "message": "deployment is bound to supplied authority.",
        "path": "deployment.authority_refs",
        "severity": "P2",
        "status": "AUTHORITATIVE"
      },
      {
        "authority_refs": [
          "slo"
        ],
        "exact_resumption_contract": null,
        "id": "observability-authority",
        "message": "observability is bound to supplied authority.",
        "path": "observability.authority_refs",
        "severity": "P2",
        "status": "AUTHORITATIVE"
      },
      {
        "authority_refs": [
          "stories",
          "api",
          "rules"
        ],
        "exact_resumption_contract": null,
        "id": "acceptance-authority",
        "message": "acceptance is bound to supplied authority.",
        "path": "acceptance.authority_refs",
        "severity": "P2",
        "status": "AUTHORITATIVE"
      },
      {
        "authority_refs": [
          "brief"
        ],
        "exact_resumption_contract": null,
        "id": "source-brief-digest",
        "message": "Source artifact exists and matches its declared digest.",
        "path": "sources.brief",
        "severity": "P2",
        "status": "AUTHORITATIVE"
      },
      {
        "authority_refs": [
          "stories"
        ],
        "exact_resumption_contract": null,
        "id": "source-stories-digest",
        "message": "Source artifact exists and matches its declared digest.",
        "path": "sources.stories",
        "severity": "P2",
        "status": "AUTHORITATIVE"
      },
      {
        "authority_refs": [
          "data"
        ],
        "exact_resumption_contract": null,
        "id": "source-data-digest",
        "message": "Source artifact exists and matches its declared digest.",
        "path": "sources.data",
        "severity": "P2",
        "status": "AUTHORITATIVE"
      },
      {
        "authority_refs": [
          "api"
        ],
        "exact_resumption_contract": null,
        "id": "source-api-digest",
        "message": "Source artifact exists and matches its declared digest.",
        "path": "sources.api",
        "severity": "P2",
        "status": "AUTHORITATIVE"
      },
      {
        "authority_refs": [
          "auth"
        ],
        "exact_resumption_contract": null,
        "id": "source-auth-digest",
        "message": "Source artifact exists and matches its declared digest.",
        "path": "sources.auth",
        "severity": "P2",
        "status": "AUTHORITATIVE"
      },
      {
        "authority_refs": [
          "rules"
        ],
        "exact_resumption_contract": null,
        "id": "source-rules-digest",
        "message": "Source artifact exists and matches its declared digest.",
        "path": "sources.rules",
        "severity": "P2",
        "status": "AUTHORITATIVE"
      },
      {
        "authority_refs": [
          "errors"
        ],
        "exact_resumption_contract": null,
        "id": "source-errors-digest",
        "message": "Source artifact exists and matches its declared digest.",
        "path": "sources.errors",
        "severity": "P2",
        "status": "AUTHORITATIVE"
      },
      {
        "authority_refs": [
          "deploy"
        ],
        "exact_resumption_contract": null,
        "id": "source-deploy-digest",
        "message": "Source artifact exists and matches its declared digest.",
        "path": "sources.deploy",
        "severity": "P2",
        "status": "AUTHORITATIVE"
      },
      {
        "authority_refs": [
          "slo"
        ],
        "exact_resumption_contract": null,
        "id": "source-slo-digest",
        "message": "Source artifact exists and matches its declared digest.",
        "path": "sources.slo",
        "severity": "P2",
        "status": "AUTHORITATIVE"
      },
      {
        "authority_refs": [
          "performance"
        ],
        "exact_resumption_contract": null,
        "id": "source-performance-digest",
        "message": "Source artifact exists and matches its declared digest.",
        "path": "sources.performance",
        "severity": "P2",
        "status": "AUTHORITATIVE"
      },
      {
        "authority_refs": [
          "accessibility"
        ],
        "exact_resumption_contract": null,
        "id": "source-accessibility-digest",
        "message": "Source artifact exists and matches its declared digest.",
        "path": "sources.accessibility",
        "severity": "P2",
        "status": "AUTHORITATIVE"
      },
      {
        "authority_refs": [
          "visual"
        ],
        "exact_resumption_contract": null,
        "id": "source-visual-digest",
        "message": "Source artifact exists and matches its declared digest.",
        "path": "sources.visual",
        "severity": "P2",
        "status": "AUTHORITATIVE"
      },
      {
        "authority_refs": [
          "samples"
        ],
        "exact_resumption_contract": null,
        "id": "source-samples-digest",
        "message": "Source artifact exists and matches its declared digest.",
        "path": "sources.samples",
        "severity": "P2",
        "status": "AUTHORITATIVE"
      }
    ],
    "hypotheses": [],
    "missing_authority": [],
    "packet_id": "owned-crud-v1",
    "packet_sha256": "52c0a9b6aebc8ead93103297a163159cceb5bc77160517274c798c45cdf86f25",
    "promotable": true,
    "schema_version": "1"
  },
  "files": [
    {
      "path": ".dockerignore",
      "sha256": "b1112fb33871227b936fada021b2fe9562a1b45fa883b4b572efa86237c33571",
      "size": 46
    },
    {
      "path": ".env.example",
      "sha256": "ce9c5dd4791c53d122bdda8b9f258b11833e979d6229ab6fd599fdf1037e65c7",
      "size": 66
    },
    {
      "path": ".visionmcp/application-reference-packet.json",
      "sha256": "00d13e92b5c5eff2ada23f471a05441618e6c14ec8ce96b247796b44552bf33b",
      "size": 14864
    },
    {
      "path": ".visionmcp/reference-completeness-report.json",
      "sha256": "f0494fc5ae8648b106161354d7ba7e110611db481db9c1275eae78bbb78e1db4",
      "size": 7217
    },
    {
      "path": "Dockerfile",
      "sha256": "322c94d2868db182386a690674507526e0bab139c3ee22c0a8a5ffb3f5975c14",
      "size": 452
    },
    {
      "path": "README.md",
      "sha256": "06436dc5d4bd20ff52a11348bf2b3ec5fb1b76175026e6c3a651e13babeb62ff",
      "size": 543
    },
    {
      "path": "compose.yaml",
      "sha256": "a8a29ca4242b0039a67e924c50adbdaf333afc577d681ad97eaa355fd81a3aad",
      "size": 409
    },
    {
      "path": "frontend/src/app.ts",
      "sha256": "17c82515286a09e86e4be3bce518532c244fa17496d69c03893f96fa64562cb5",
      "size": 2163
    },
    {
      "path": "generated/migrations/001_down.sql",
      "sha256": "927eb93526005152ea728d08f34838ecf5258cd45f84acaa456e58e7b3cbf325",
      "size": 124
    },
    {
      "path": "generated/migrations/001_up.sql",
      "sha256": "305fbaedc335936d235bbf9bf70d3f2c312c04af4354d605feedfed0c3d14f57",
      "size": 672
    },
    {
      "path": "generated/openapi.json",
      "sha256": "302ff8637995b86a4be1df3fba0cbc542fa155706c78456c9142736ee09ab0b7",
      "size": 1359
    },
    {
      "path": "package-lock.json",
      "sha256": "c0344db2136150b19a032707dec870a12add214818f8ed45ac132ad2440cf601",
      "size": 77195
    },
    {
      "path": "package.json",
      "sha256": "b2aec92a78d0a5ca690dd8567714b8384dafd783bed8b98cfc4d788a526d4e71",
      "size": 950
    },
    {
      "path": "public/index.html",
      "sha256": "d871a593996b0d1d70e48f30b910f41cb4e145953bea450eb05b44053a8ef582",
      "size": 642
    },
    {
      "path": "public/styles.css",
      "sha256": "23398ed9dfd382c3229c56a8a03267008fc9177f61740e4c6caadf2885b9ebb2",
      "size": 1566
    },
    {
      "path": "scripts/clean.mjs",
      "sha256": "4e51ab9cda71682c12ff6ffd623e475ef02082c595f1fbd9cbed367894434378",
      "size": 264
    },
    {
      "path": "scripts/copy-static.mjs",
      "sha256": "ac7f2edcd8449a6dc1d3fdcd596744ce8d7babb8b079c81db7371aae6f15bfbc",
      "size": 300
    },
    {
      "path": "scripts/migrate.ts",
      "sha256": "5e9c7030d85c363d707f9068e1e5b7ffef05e726e9b44475cb29a6030c47e800",
      "size": 335
    },
    {
      "path": "scripts/rollback.ts",
      "sha256": "045ea7975f9a508bb996a37cb48145d02ee781a91f0a13ea2837dcf1a407ce69",
      "size": 201
    },
    {
      "path": "src/app.ts",
      "sha256": "b72d5676d1b2397eed84762bffbcac445e1e9d8f621fa6121a6e2d7cc55e7c70",
      "size": 16346
    },
    {
      "path": "src/database.ts",
      "sha256": "87b1759482208be5279d25cc2068991164b46c0f3efdd4eebac00b0338f0a565",
      "size": 696
    },
    {
      "path": "src/generated-spec.ts",
      "sha256": "4fdcecdee1ea8e125e1793ef1048bd5da4fc237d1d05fded1316cfebdd3d7d1f",
      "size": 14894
    },
    {
      "path": "src/schema.ts",
      "sha256": "8b134051b574400aff4e8b109f3bcaf335f404821fc0ecf70cfdf9ecdc810541",
      "size": 897
    },
    {
      "path": "src/server.ts",
      "sha256": "a04c1b925fc293e2862489b84c1061c5493dbf00b56957ae86db6e4f62c0bf6a",
      "size": 621
    },
    {
      "path": "tests/contract.test.ts",
      "sha256": "16dc94388e40859f82ae10601c2f9e4b0b95767d7802fe93d9281cc02fa6671f",
      "size": 5238
    },
    {
      "path": "tsconfig.json",
      "sha256": "5ee8b7ca88de7566b2d6b781539a94c674ab8951c4221a34ec6ee375a4961e4a",
      "size": 487
    }
  ],
  "generated_at": "2026-07-26T00:40:17.813137+00:00",
  "generator_version": "bounded-typescript-node-sqlite-v1",
  "mode": "promotion_candidate",
  "packet_id": "owned-crud-v1",
  "packet_sha256": "52c0a9b6aebc8ead93103297a163159cceb5bc77160517274c798c45cdf86f25",
  "promotable": true,
  "reproduction_commands": [
    "npm ci",
    "npm run verify",
    "npm run db:migrate",
    "npm run db:rollback",
    "docker compose build"
  ],
  "schema_version": "1",
  "source_git_head": "e6d73539d9ed7eb35e4689f841103e16c46a5722",
  "verified_source_ids": [
    "accessibility",
    "api",
    "auth",
    "brief",
    "data",
    "deploy",
    "errors",
    "performance",
    "rules",
    "samples",
    "slo",
    "stories",
    "visual"
  ]
}
{
  "candidate_id": "source-bound",
  "changed_files": [],
  "missing_files": [],
  "packet_digest_valid": true,
  "receipt_path": "/private/tmp/bvmcp-source-authority.UEK98W/candidates/source-bound/.visionmcp/candidate-receipt.json",
  "valid": true
}
npm warn deprecated prebuild-install@7.1.3: No longer maintained. Please contact the author of the relevant native addon; alternatives are available.

added 118 packages, and audited 119 packages in 22s

35 packages are looking for funding
  run `npm fund` for details

found 0 vulnerabilities

> visionmcp-generated-application@1.0.0 verify
> npm run test


> visionmcp-generated-application@1.0.0 test
> npm run test:contract


> visionmcp-generated-application@1.0.0 test:contract
> npm run build && node --test dist/tests/*.test.js


> visionmcp-generated-application@1.0.0 build
> npm run clean && tsc -p tsconfig.json && esbuild frontend/src/app.ts --bundle --minify --outfile=dist/public/app.js && node scripts/copy-static.mjs


> visionmcp-generated-application@1.0.0 clean
> node scripts/clean.mjs


  dist/public/app.js  1.4kb

⚡ Done in 4ms
TAP version 13
# Subtest: health and repeat migration are valid
ok 1 - health and repeat migration are valid
  ---
  duration_ms: 34.463084
  ...
# Subtest: registered permission endpoints deny unauthenticated and unauthorized actors
ok 2 - registered permission endpoints deny unauthenticated and unauthorized actors
  ---
  duration_ms: 12.295
  ...
# Subtest: authorized create contract persists a record
ok 3 - authorized create contract persists a record
  ---
  duration_ms: 3.574792
  ...
1..3
# tests 3
# suites 0
# pass 3
# fail 0
# cancelled 0
# skipped 0
# todo 0
# duration_ms 297.681625

> visionmcp-generated-application@1.0.0 db:migrate
> npm run build && node dist/scripts/migrate.js


> visionmcp-generated-application@1.0.0 build
> npm run clean && tsc -p tsconfig.json && esbuild frontend/src/app.ts --bundle --minify --outfile=dist/public/app.js && node scripts/copy-static.mjs


> visionmcp-generated-application@1.0.0 clean
> node scripts/clean.mjs


  dist/public/app.js  1.4kb

⚡ Done in 2ms
{"migrated":true,"quick_check":"ok"}

> visionmcp-generated-application@1.0.0 db:migrate
> npm run build && node dist/scripts/migrate.js


> visionmcp-generated-application@1.0.0 build
> npm run clean && tsc -p tsconfig.json && esbuild frontend/src/app.ts --bundle --minify --outfile=dist/public/app.js && node scripts/copy-static.mjs


> visionmcp-generated-application@1.0.0 clean
> node scripts/clean.mjs


  dist/public/app.js  1.4kb

⚡ Done in 2ms
{"migrated":true,"quick_check":"ok"}

> visionmcp-generated-application@1.0.0 db:rollback
> npm run build && node dist/scripts/rollback.js


> visionmcp-generated-application@1.0.0 build
> npm run clean && tsc -p tsconfig.json && esbuild frontend/src/app.ts --bundle --minify --outfile=dist/public/app.js && node scripts/copy-static.mjs


> visionmcp-generated-application@1.0.0 clean
> node scripts/clean.mjs


  dist/public/app.js  1.4kb

⚡ Done in 1ms
{"rolled_back":true}
